../Core/Src/MAX31865.c:21:6:writeRegister8	32	static
../Core/Src/MAX31865.c:36:6:readRegisterN	16	static
../Core/Src/MAX31865.c:50:9:readRegister8	32	static
../Core/Src/MAX31865.c:61:10:readRegister16	32	static
../Core/Src/MAX31865.c:77:10:readRegister24	32	static
../Core/Src/MAX31865.c:93:6:setWires	32	static
../Core/Src/MAX31865.c:106:6:enableBias	32	static
../Core/Src/MAX31865.c:120:6:autoConvert	32	static
../Core/Src/MAX31865.c:134:6:enable50Hz	32	static
../Core/Src/MAX31865.c:149:6:setThresholds	16	static
../Core/Src/MAX31865.c:156:6:setTemperatureThresholds	8	static
../Core/Src/MAX31865.c:180:6:begin	16	static
../Core/Src/MAX31865.c:200:10:readRTD	24	static
../Core/Src/MAX31865.c:224:7:temperature	16	static
../Core/Src/MAX31865.c:235:7:calculateTemperature	64	static
../Core/Src/MAX31865.c:276:9:readFault	32	static
../Core/Src/MAX31865.c:302:6:clearFault	24	static
